[gentlemansbarberspa.com/index.html]
[backblue.gif]
[fade.gif]
[index.html]
[images.squarespace-cdn.com/content/563a6d43e4b0979282764ff7/1450654731421-RLM5NF3EXHHXW6PYR6ZD/oee8a.jpg]
[assets.squarespace.com/@sqs/polyfiller/1.2.2/legacy.js]
[assets.squarespace.com/universal/scripts-compressed/extract-css-runtime-0ed6ed412602b5ef03ce6-min.en-US.js]
[assets.squarespace.com/@sqs/polyfiller/1.2.2/modern.js]
[assets.squarespace.com/universal/scripts-compressed/cldr-resource-pack-33f25cea66c84971c39d6-min.en-US.js]
[assets.squarespace.com/universal/scripts-compressed/common-vendors-stable-ded59447778e1491d87fa-min.en-US.js]
[assets.squarespace.com/universal/scripts-compressed/extract-css-moment-js-vendor-5082e2dab696b020ac83a-min.en-US.js]
[assets.squarespace.com/universal/scripts-compressed/performance-7c2e2a5656405fba2e7db-min.en-US.js]
[static1.squarespace.com/static/sitecss/563a6d43e4b0979282764ff7/62/503ba86de4b04953d0f49846/563a720ee4b01158dc57d1cc/1670/site.css]
[gentlemansbarberspa.com/book-online.html]
[static1.squarespace.com/static/ta/5016d42984ae3ecc9e018d91/1670/scripts/site-bundle.js]
[gentlemansbarberspa.com/about-us.html]
[gentlemansbarberspa.com/services.html]
[gentlemansbarberspa.com/spa-services.html]
[gentlemansbarberspa.com/products.html]
[gentlemansbarberspa.com/contact.html]
[images.squarespace-cdn.com/content/v1/563a6d43e4b0979282764ff7/89b18c05-2744-4a12-98c3-77df4aa0bc4e/Gentlemans_Logo26f7.jpg]
[gentlemansbarberspa.com/new-blog.html]
[gentlemansbarberspa.com/_/www.youtube.com/embed/62-M8RgAP6A.168344.delayed]
[assets.squarespace.com/universal/scripts-compressed/common-vendors-efcb604347cd0affcf80e-min.en-US.js]
[images.squarespace-cdn.com/content/v1/563a6d43e4b0979282764ff7/1467727895424-TDLGSPKDOL2HYT3VITA7/image-asset.jpg]
[images.squarespace-cdn.com/content/v1/563a6d43e4b0979282764ff7/1450854760210-EC4RRR2ZTAET46ABH818/image-asset.jpg]
[images.squarespace-cdn.com/content/v1/563a6d43e4b0979282764ff7/1450854811701-2N1QI790VNWWZBFK5WM3/image-asset.jpg]
[images.squarespace-cdn.com/content/v1/563a6d43e4b0979282764ff7/1450854840217-NOXRC66L12B5DT47M8FD/image-asset.jpg]
[assets.squarespace.com/universal/scripts-compressed/common-7eff1f00f7ccf8fae989f-min.en-US.js]
[images.squarespace-cdn.com/content/v1/563a6d43e4b0979282764ff7/1450854856270-1A8CYNBMKXCAIAMXQUPL/image-asset.jpg]
[images.squarespace-cdn.com/content/v1/563a6d43e4b0979282764ff7/1450854869902-14MBB5BLGGQQOFWQVZ72/image-asset.jpg]
[images.squarespace-cdn.com/content/v1/563a6d43e4b0979282764ff7/1502989269106-KNMKPRS01B0PZ9TXC3BF/GENT_Barbers.jpg]
[images.squarespace-cdn.com/content/v1/563a6d43e4b0979282764ff7/1523994880231-LFT3JLC4BKV343WLL9IS/IMG_1538.jpg]
[images.squarespace-cdn.com/content/v1/563a6d43e4b0979282764ff7/1450649281067-YGYS4WK7WQSFR2HK28G3/IMG_5847.jpg]
[images.squarespace-cdn.com/content/v1/563a6d43e4b0979282764ff7/1450649281220-JV5NUZUTH47PPMQX91U8/IMG_5849.jpg]
[images.squarespace-cdn.com/content/v1/563a6d43e4b0979282764ff7/1502989266323-7Z0YSL1J17WZTIK0MERC/IMG_0747.jpg]
[images.squarespace-cdn.com/content/v1/563a6d43e4b0979282764ff7/1450649281381-901I2ELLPHIRJBKEK6JZ/IMG_5856.jpg]
[images.squarespace-cdn.com/content/v1/563a6d43e4b0979282764ff7/1450649282499-C8QI8BG6U46UJHLVTNDB/IMG_5857.jpg]
[images.squarespace-cdn.com/content/v1/563a6d43e4b0979282764ff7/1450649281558-X425MA2QFPSG1QD6A3HY/IMG_5858.jpg]
[images.squarespace-cdn.com/content/v1/563a6d43e4b0979282764ff7/1502989364445-QIBV4QEXPHFSAOT3RKGL/GENT_Biotin1.jpg]
[images.squarespace-cdn.com/content/v1/563a6d43e4b0979282764ff7/1450649281679-7DWYIIJOICWREJAM442T/IMG_5859.jpg]
[images.squarespace-cdn.com/content/v1/563a6d43e4b0979282764ff7/1450649281804-RMMSMWW407HY5UYZP6FO/IMG_5860.jpg]
[images.squarespace-cdn.com/content/v1/563a6d43e4b0979282764ff7/1450649281984-AOCLM4B8HEW72W1VY2NC/IMG_5861.jpg]
[images.squarespace-cdn.com/content/v1/563a6d43e4b0979282764ff7/1450649282177-Y5FZF5IVL56767ZSKKUV/IMG_5862.jpg]
[images.squarespace-cdn.com/content/v1/563a6d43e4b0979282764ff7/1450649282364-04FBBA1XLEAQZF4S5YDE/IMG_5870.jpg]
[images.squarespace-cdn.com/content/v1/563a6d43e4b0979282764ff7/1450649282532-JLN3SWDQTFWEI75AXWNI/IMG_5874.jpg]
[images.squarespace-cdn.com/content/v1/563a6d43e4b0979282764ff7/1450649282688-052DK5W603XNZZZOFN4W/IMG_5876.jpg]
[images.squarespace-cdn.com/content/v1/563a6d43e4b0979282764ff7/1450649282670-2T75ECTLNUHM2WD48TTI/IMG_5879.jpg]
[images.squarespace-cdn.com/content/v1/563a6d43e4b0979282764ff7/1450649283053-Q8B0AP1ZKK5CPPQX3EPV/IMG_5881.jpg]
[images.squarespace-cdn.com/content/v1/563a6d43e4b0979282764ff7/1450649283515-9V1BMZANY4O5TPNS2R6D/IMG_5883.jpg]
[images.squarespace-cdn.com/content/v1/563a6d43e4b0979282764ff7/1450649283476-4PWL49G6WEH32RT8FKA7/IMG_5895.jpg]
[images.squarespace-cdn.com/content/v1/563a6d43e4b0979282764ff7/1450649284294-EXRDO49P5YGT8O1X4X79/IMG_5897.jpg]
[images.squarespace-cdn.com/content/v1/563a6d43e4b0979282764ff7/1450852692233-9GMP4AY4PFU0OY565JL5/20150530_163529.jpg]
[images.squarespace-cdn.com/content/v1/563a6d43e4b0979282764ff7/1450649284562-NC93AZLJHYU2LXUPJWDW/IMG_5901.jpg]
[images.squarespace-cdn.com/content/v1/563a6d43e4b0979282764ff7/1450852694866-ESDAVLQMIDZUDC8N85XY/Screenshot_2015-04-19-01-01-12.jpg]
[images.squarespace-cdn.com/content/v1/563a6d43e4b0979282764ff7/1450851253812-5LZZB5IJG7DNLUKXRW1Y/IMG_5903.jpg]
[images.squarespace-cdn.com/content/v1/563a6d43e4b0979282764ff7/1450852693792-TJNX30O4CGVOVJ8TBT1L/IMG_69181.jpg]
[images.squarespace-cdn.com/content/v1/563a6d43e4b0979282764ff7/1450852692339-LFC0M2702930E7EECWXR/bw.jpg]
[images.squarespace-cdn.com/content/v1/563a6d43e4b0979282764ff7/1450852694071-8AZEAKMHMLAI71ZC2DGU/IMG954216_modif.jpg]
[images.squarespace-cdn.com/content/v1/563a6d43e4b0979282764ff7/1450852697002-7RPPJIEAKBR2ASUHDV8G/Screenshot_2015-11-17-14-24-04.jpg]
[images.squarespace-cdn.com/content/v1/563a6d43e4b0979282764ff7/1450853132989-YHYLZJTK80EYTZERAR3I/Screenshot_2015-10-24-19-55-09.jpg]
[images.squarespace-cdn.com/content/v1/563a6d43e4b0979282764ff7/1502989265047-5IAMC1OYNU2UOYYIVN7D/13775438_512140602314459_2455737777280754975_n.jpg]
[images.squarespace-cdn.com/content/v1/563a6d43e4b0979282764ff7/1502989211588-WSNHF1184X2OUV26CCJL/10437559_895327483918458_576450706453368442_n.jpg]
[images.squarespace-cdn.com/content/v1/563a6d43e4b0979282764ff7/1502989265098-BDVZ5W8DUV78ZM138PAG/Wash-and-Go[1].jpg]
[images.squarespace-cdn.com/content/v1/563a6d43e4b0979282764ff7/1580420647465-8BI7PADD3UM0HR1XF1WE/AV&A+LOGO-SLOGAN.jpg]
[gentlemansbarberspa.com/our-hair-products.3f.delayed]
[images.squarespace-cdn.com/content/v1/563a6d43e4b0979282764ff7/1585578170356-IQ9Z1L21E4JWNLWXZBXF/GENTNYC_favicon.png]
[medihair.com/wp-content/uploads/2021/04/Medihair_Barber_Badge_234479F.png]
[gentlemansbarberspa.com/index.html]
[assets.squarespace.com/universal/images-v6/damask/error-dark.png]
[assets.squarespace.com/universal/images-v6/damask/error-dark@2x.png]
[assets.squarespace.com/universal/images-v6/damask/play-button.png]
[assets.squarespace.com/universal/images-v6/damask/play-button@2x.png]
[assets.squarespace.com/universal/images-v6/damask/edit-aviary-light.png]
[assets.squarespace.com/universal/images-v6/damask/edit-aviary-light@2x.png]
[assets.squarespace.com/universal/images-v6/damask/edit-info-light.png]
[assets.squarespace.com/universal/images-v6/damask/edit-info-light@2x.png]
[assets.squarespace.com/universal/images-v6/damask/trash-9-light.png]
[assets.squarespace.com/universal/images-v6/damask/trash-9-light@2x.png]
[assets.squarespace.com/universal/images-v6/damask/trash-9-red.png]
[assets.squarespace.com/universal/images-v6/damask/trash-9-red@2x.png]
[assets.squarespace.com/universal/images-v6/damask/getty-16-light.png]
[assets.squarespace.com/universal/images-v6/damask/getty-32-light.png]
[assets.squarespace.com/universal/images-v6/damask/shopping-cart-16-light.png]
[assets.squarespace.com/universal/images-v6/damask/shopping-cart-32-light.png]
[static1.squarespace.com/universal/images-v6/icons/block-indicator-dark.png]
[static1.squarespace.com/universal/images-v6/icons/block-indicator-dark@2x.png]
[static1.squarespace.com/universal/images-v6/icons/opentable-icons.png]
[static1.squarespace.com/universal/images-v6/icons/icon-searchqueries-20-dark.png]
[static1.squarespace.com/universal/images-v6/icons/icon-searchqueries-20-light.png]
[assets.squarespace.com/universal/images-v6/icons/icon-video-24-light-solid.png]
[static1.squarespace.com/universal/images-v6/damask/image-inside-64-dark.png]
[static1.squarespace.com/universal/images-v6/damask/image-inside-128-dark.png]
[assets.squarespace.com/universal/images-v6/standard/icon_close_7_light.png]
[assets.squarespace.com/universal/images-v6/icons/icon-settings-16-light.png]
[static1.squarespace.com/static/ta/5016d42984ae3ecc9e018d91/1669/assets/groovepaper.png]
[static1.squarespace.com/static/ta/5016d42984ae3ecc9e018d91/1669/assets/extra_clean_paper.png]
[static1.squarespace.com/static/sitecss/563a6d43e4b0979282764ff7/62/503ba86de4b04953d0f49846/563a720ee4b01158dc57d1cc/1670/site.css]
[assets.squarespace.com/universal/styles-compressed/slide-normalize-f3e05d707a08546a77c65-min.en-US.css]
[assets.squarespace.com/universal/styles-compressed/slides-b495d0a0d2ec53a70d5ed-min.en-US.css]
[use.typekit.net/ik/Asro1llZqlOHNG54QPk_oVUYzNEXNcvNPXaEmUAY5x6fen6If4e6pUJ6wRMU5QwXFmvuFRFyFcbXwh9XjRMoFDqk52JaFRscZRS-q3w7OcBRiA8XpWFR-emqiAUTdcS0jhNlOfG0jAFu]
[gentlemansbarberspa.com/book-online.html]
[images.squarespace-cdn.com/content/v1/563a6d43e4b0979282764ff7/1450654098585-M2PQHRRHK915HVQ19YXA/12028862_1664588870445207_3889759676046860131_o.png]
[images.squarespace-cdn.com/content/v1/563a6d43e4b0979282764ff7/1457113739687-5WKTVPYS2FSIH20S684N/image-asset.jpg]
[images.squarespace-cdn.com/content/v1/563a6d43e4b0979282764ff7/1450855323081-EHG2ZNUDQCV7WONPKQZW/Screen+Shot+2015-12-23+at+2.16.36+AM.png]
[assets.squarespace.com/universal/scripts-compressed/slides-a60d23d75ab0cf2900675-min.en-US.js]
[images.squarespace-cdn.com/content/v1/563a6d43e4b0979282764ff7/1457114921637-YK39R5CU6H1AEB2D44FK/image-asset.png]
[images.squarespace-cdn.com/content/v1/563a6d43e4b0979282764ff7/1450655570791-4ATF2TM68HH5HIEOU4JU/image-asset.png]
[gentlemansbarberspa.com/about-us.html]
[gentlemansbarberspa.com/services.html]
[gentlemansbarberspa.com/spa-services.html]
[images.squarespace-cdn.com/content/v1/563a6d43e4b0979282764ff7/1457121220513-XSNH4OIM9XK4UDBXRR6S/image-asset.jpg]
[gentlemansbarberspa.com/products.html]
[gentlemansbarberspa.com/contact.html]
[gentlemansbarberspa.com/new-bloga409]
[gentlemansbarberspa.com/new-blog/2019/3/19/westchesters-gentlemans-barber-spa-presents-best-haircuts-for-men.html]
[gentlemansbarberspa.com/new-blog0f96.html]
[gentlemansbarberspa.com/services/index.html]
[gentlemansbarberspa.com/about-us/index.html]
[gentlemansbarberspa.com/new-blog/tag/men's+haircuts.html]
[gentlemansbarberspa.com/book-online/index.html]
[gentlemansbarberspa.com/new-blog/tag/Men's+Shave+Westchester+NY.html]
[gentlemansbarberspa.com/new-blog/tag/Men's+Haircuts+White+Plains.html]
[gentlemansbarberspa.com/new-blog/tag/men's+style.html]
[gentlemansbarberspa.com/new-blog/tag/Best+Men's+Haircut+downtown+White+Plains+NY.html]
[gentlemansbarberspa.com/new-blog/tag/Best+Men's+Spa+Westchester+NY.html]
[gentlemansbarberspa.com/new-blog/tag/Best+barber+shop+Westchester+NY.html]
[gentlemansbarberspa.com/new-blog/tag/Barbershop.html]
[gentlemansbarberspa.com/new-blog/tag/Best+Barber+shop+white+plains.html]
[gentlemansbarberspa.com/new-blog/tag/best-barber-shop-westchester.html]
[gentlemansbarberspa.com/new-blog/tag/barber-shop.html]
[gentlemansbarberspa.com/new-blog/tag/haircuts+Westschester.html]
[gentlemansbarberspa.com/new-blog/tag/Westchester+County.html]
[gentlemansbarberspa.com/new-blog/2017/8/11/introducing-gentlemans-biotin-vitamin-shampoo-and-conditioner.html]
[images.squarespace-cdn.com/content/v1/563a6d43e4b0979282764ff7/1502474982905-WFY1SRDFVOHPT1S7IC2C/image-asset.jpg]
[images.squarespace-cdn.com/content/v1/563a6d43e4b0979282764ff7/1502476037285-AI6ARPT20WKVL10534MQ/image-asset.jpg]
[images.squarespace-cdn.com/content/v1/563a6d43e4b0979282764ff7/1502477143958-771WT0ECR2VZKIKNJ6IU/image-asset.png]
[gentlemansbarberspa.com/new-blog/category/Announcements.html]
[gentlemansbarberspa.com/new-blog/tag/biotin-shampoo.html]
[gentlemansbarberspa.com/new-blog/tag/men's-hair-products.html]
[images.squarespace-cdn.com/content/v1/563a6d43e4b0979282764ff7/1495218068267-RY4E3X2ZLBBO3WQU19VQ/image-asset.jpg]
[gentlemansbarberspa.com/new-blog/2017/5/19/gentlemans-barber-spa-in-white-plains-introduces-gentlemans-beard-oil.html]
[images.squarespace-cdn.com/content/v1/563a6d43e4b0979282764ff7/1495218105479-FX0XLCMXCSZ9DQC98W3O/image-asset.jpg]
[images.squarespace-cdn.com/content/v1/563a6d43e4b0979282764ff7/1495218147928-BMILR6YM0E63GJJBKMOO/image-asset.jpg]
[gentlemansbarberspa.com/new-blog/tag/westchester+magazine.html]
[gentlemansbarberspa.com/new-blog/tag/Best-of-Westchester.html]
[gentlemansbarberspa.com/new-blog/2016/11/29/westchesters-best-spa-deal-30-off-any-spa-service-in-december-at-gentlemans-barber-spa.html]
[gentlemansbarberspa.com/new-blog/2016/9/8/brand-new-barbering-services-at-gentlemans-barber-spa-in-westchester-ny.html]
[images.squarespace-cdn.com/content/v1/563a6d43e4b0979282764ff7/1473360822582-EID7V3H5HQV7Q4ZNDKKK/image-asset.jpg]
[gentlemansbarberspa.com/new-blog/2016/8/22/gentlemans-barber-spa-where-nyc-athletes-get-their-haircuts.html]
[images.squarespace-cdn.com/content/v1/563a6d43e4b0979282764ff7/1471894149214-GUNK98TBZUMUAPKA2EMV/image-asset.jpg]
[images.squarespace-cdn.com/content/v1/563a6d43e4b0979282764ff7/1471894445734-RJBM9B4VUH0HQLX2VRCF/image-asset.jpg]
[images.squarespace-cdn.com/content/v1/563a6d43e4b0979282764ff7/1471894795562-0CVWFZUFM1CIYR6Z4SZH/image-asset.jpg]
[images.squarespace-cdn.com/content/v1/563a6d43e4b0979282764ff7/1471895071958-6PW583JCEEGVPFM2VRRY/image-asset.jpg]
[images.squarespace-cdn.com/content/v1/563a6d43e4b0979282764ff7/1471895393668-QGSQ3YRJNWPQ73BDFN0J/image-asset.jpg]
[gentlemansbarberspa.com/new-blog/category/Shop+News.html]
[gentlemansbarberspa.com/new-blog/tag/haircuts-Westchester.html]
[gentlemansbarberspa.com/new-blog/2016/7/28/gentlemans-barber-spa-at-best-of-westchester-2016-party.html]
[images.squarespace-cdn.com/content/v1/563a6d43e4b0979282764ff7/1469737789874-XW3JTLCD43YUOGV5M6R0/image-asset.jpg]
[images.squarespace-cdn.com/content/v1/563a6d43e4b0979282764ff7/1469737920237-3ROY8H7FZIM5DV3A76W0/image-asset.png]
[images.squarespace-cdn.com/content/v1/563a6d43e4b0979282764ff7/1469738044629-NR56W903QIO9BDKC39R2/image-asset.jpg]
[gentlemansbarberspa.com/new-blog/category/Events.html]
[gentlemansbarberspa.com/new-blog/2016/4/14/introducing-the-gentlemans-barber-spa-line-of-mens-grooming-products.html]
[images.squarespace-cdn.com/content/v1/563a6d43e4b0979282764ff7/1460643883478-SZAO3Z2VQPG94WHCO88I/image-asset.jpg]
[images.squarespace-cdn.com/content/v1/563a6d43e4b0979282764ff7/1460643998888-ZMUR4U0C6VSSI373G7TD/image-asset.jpg]
[images.squarespace-cdn.com/content/v1/563a6d43e4b0979282764ff7/1460644365651-VW63RPY4068NEWUTMIP5/GENT_Product2.jpg]
[images.squarespace-cdn.com/content/v1/563a6d43e4b0979282764ff7/1460644365895-BNJ4OT5W9YWNCCL6F02Y/IMG_8015.jpg]
[images.squarespace-cdn.com/content/v1/563a6d43e4b0979282764ff7/1460644366124-GDGLHAKZ4HBIZ4PBL91V/IMG_8023.jpg]
[images.squarespace-cdn.com/content/v1/563a6d43e4b0979282764ff7/1460644373208-DQ02NLMJFD7W41ZECMTY/IMG_8017.jpg]
[gentlemansbarberspa.com/new-blog/2016/3/18/uig0cbt1aqnp6xt78n03xuzw4kzbfe.html]
[images.squarespace-cdn.com/content/v1/563a6d43e4b0979282764ff7/1458334677153-A1NVCIGNXUBLKBZ8JHB1/image-asset.png]
[images.squarespace-cdn.com/content/v1/563a6d43e4b0979282764ff7/1458334380298-9QAWHLHZVOC7GDQTJOLN/image-asset.jpg]
[images.squarespace-cdn.com/content/v1/563a6d43e4b0979282764ff7/1458334427760-ZQBHMXWYWJIQD5SII96I/image-asset.jpg]
[gentlemansbarberspa.com/new-blog/category/Press.html]
[gentlemansbarberspa.com/new-blog/2016/3/12/5ux6thtvw1e3nwwrxj073tn84hrwlk.html]
[images.squarespace-cdn.com/content/v1/563a6d43e4b0979282764ff7/1457790048166-R51ODO6XCXQB0POD9KA1/image-asset.jpg]
[images.squarespace-cdn.com/content/v1/563a6d43e4b0979282764ff7/1457790455305-AW0U0P0LP88IEU2CM3CA/image-asset.jpg]
[images.squarespace-cdn.com/content/v1/563a6d43e4b0979282764ff7/1457790602564-7WD9PF6507I0HDUBBW9U/image-asset.jpg]
[images.squarespace-cdn.com/content/v1/563a6d43e4b0979282764ff7/1457791224833-6A5IFQ4IJ6I2Q5JASP0K/image-asset.png]
[images.squarespace-cdn.com/content/v1/563a6d43e4b0979282764ff7/1457790784264-37THZTRP5PH9W9G9ERS3/image-asset.jpg]
[gentlemansbarberspa.com/new-blog/tag/IBS+New+York.html]
[images.squarespace-cdn.com/content/v1/563a6d43e4b0979282764ff7/1456946090790-8R2XKRU2QWNAT2QF2ZPP/image-asset.png]
[gentlemansbarberspa.com/new-blog/2016/3/2/gentlemans-barber-spa-attending-international-beauty-show-at-javits-center.html]
[images.squarespace-cdn.com/content/v1/563a6d43e4b0979282764ff7/1456946896590-TXFF35TQZ5026ICMSGE5/image-asset.png]
[images.squarespace-cdn.com/content/v1/563a6d43e4b0979282764ff7/1456947111298-OEWQJF2LAGO3JQQYSYR6/image-asset.png]
[gentlemansbarberspa.com/new-blog/tag/javits+center.html]
[gentlemansbarberspa.com/new-blog/2016/2/16/gentlemans-barber-spa-to-take-part-in-westchester-magazines-unveiled.html]
[images.squarespace-cdn.com/content/v1/563a6d43e4b0979282764ff7/1455640873612-5ANP06PYLOXPTQ8W5AMG/12650838_10154485479567538_5397364559261688889_n.jpg]
[gentlemansbarberspa.com/new-blog/2016/2/10/a-relaxing-shave-is-the-perfect-valentines-day-gift-in-westchester-ny.html]
[gentlemansbarberspa.com/new-blog/tag/Valentine's+Day+For+Him.html]
[gentlemansbarberspa.com/new-blog/tag/Valentine's+Day+Westchester+NY.html]
[images.squarespace-cdn.com/content/v1/563a6d43e4b0979282764ff7/1454532300154-M3HA9RZDB6U4SN22HA8R/image-asset.jpg]
[gentlemansbarberspa.com/new-blog/2016/2/3/at-the-barbershop-recent-mens-haircuts-in-downtown-white-plains.html]
[images.squarespace-cdn.com/content/v1/563a6d43e4b0979282764ff7/1454532436338-L0JXRE39OSIE6Y332H2A/image-asset.jpg]
[images.squarespace-cdn.com/content/v1/563a6d43e4b0979282764ff7/1454532626381-31Z66Q2LG0R5H4U907BF/image-asset.jpg]
[images.squarespace-cdn.com/content/v1/563a6d43e4b0979282764ff7/1454532707222-9RT2T2B5TRZVOFPCAHI0/image-asset.jpg]
[gentlemansbarberspa.com/welcome-home.html]
[images.squarespace-cdn.com/content/v1/563a6d43e4b0979282764ff7/1454036011420-WCZCPYZI6JMX9WXUMFIS/image-asset.jpg]
[gentlemansbarberspa.com/new-blog/2016/1/28/gentlemans-barber-spa-creator-with-former-knicks-great-john-starks.html]
[gentlemansbarberspa.com/new-blog.html]
[gentlemansbarberspa.com/_/www.youtube.com/embed/62-M8RgAP6A9ae1.html]
[gentlemansbarberspa.com/_/www.youtube.com/embed/62-M8RgAP6A8344.html]
[gentlemansbarberspa.com/our-hair-products.html]
[assets.squarespace.com/universal/styles-compressed/slide-normalize-f3e05d707a08546a77c65-min.en-US.css]
[assets.squarespace.com/universal/styles-compressed/slides-b495d0a0d2ec53a70d5ed-min.en-US.css]
[gentlemansbarberspa.com/universal/svg/social-accounts.svg]
[gentlemansbarberspa.com/new-blog/2016/1/25/gentlemans-barber-spa-at-the-javits-center-performing-the-truefitt-hill-royal-shave.html]
[assets.squarespace.com/universal/scripts-compressed/extract-css-runtime-868d9cacf6c74552cf22d-min.en-US.js]
[gentlemansbarberspa.com/new-blog/2019/3/19/westchesters-gentlemans-barber-spa-presents-best-haircuts-for-men.html]
[assets.squarespace.com/universal/scripts-compressed/performance-8a62d2805270e36d43ce5-min.en-US.js]
[assets.squarespace.com/universal/scripts-compressed/extract-css-runtime-cd8e259c7add33c5634c0-min.en-US.js]
[gentlemansbarberspa.com/new-blog0f96.html]
[assets.squarespace.com/universal/scripts-compressed/extract-css-runtime-20cedcfc598ca1dec0f52-min.en-US.js]
[assets.squarespace.com/universal/scripts-compressed/common-vendors-cf28b9adb429a6e878890-min.en-US.js]
[gentlemansbarberspa.com/about-us/index.html]
[gentlemansbarberspa.com/services/index.html]
[assets.squarespace.com/universal/scripts-compressed/common-39dc0f55bd08ff0c2a50a-min.en-US.js]
[gentlemansbarberspa.com/book-online/index.html]
[gentlemansbarberspa.com/new-blog/tag/men's+haircuts.html]
[assets.squarespace.com/universal/scripts-compressed/common-b01f66170f988f28a51c7-min.en-US.js]
[gentlemansbarberspa.com/new-blog/tag/Men's+Shave+Westchester+NY.html]
[gentlemansbarberspa.com/new-blog/tag/Men's+Haircuts+White+Plains.html]
[gentlemansbarberspa.com/new-blog/tag/men's+style.html]
[gentlemansbarberspa.com/new-blog/tag/Best+Men's+Haircut+downtown+White+Plains+NY.html]
[assets.squarespace.com/universal/scripts-compressed/extract-css-runtime-921f6f4fe35f03a9d464e-min.en-US.js]
[gentlemansbarberspa.com/new-blog/tag/Best+Men's+Spa+Westchester+NY.html]
[gentlemansbarberspa.com/new-blog/tag/Best+barber+shop+Westchester+NY.html]
[gentlemansbarberspa.com/new-blog/tag/Barbershop.html]
[gentlemansbarberspa.com/new-blog/tag/Best+Barber+shop+white+plains.html]
[gentlemansbarberspa.com/new-blog/tag/best-barber-shop-westchester.html]
[gentlemansbarberspa.com/new-blog/tag/barber-shop.html]
[gentlemansbarberspa.com/new-blog/tag/haircuts+Westschester.html]
[gentlemansbarberspa.com/new-blog/tag/Westchester+County.html]
[gentlemansbarberspa.com/new-blog/2017/8/11/introducing-gentlemans-biotin-vitamin-shampoo-and-conditioner.html]
[gentlemansbarberspa.com/new-blog/category/Announcements.html]
[gentlemansbarberspa.com/new-blog/tag/biotin-shampoo.html]
[gentlemansbarberspa.com/new-blog/tag/men's-hair-products.html]
[assets.squarespace.com/universal/scripts-compressed/extract-css-runtime-9afb441abf685f819129b-min.en-US.js]
[assets.squarespace.com/universal/scripts-compressed/common-7160848b22dbb79648a1c-min.en-US.js]
[gentlemansbarberspa.com/new-blog/2017/5/19/gentlemans-barber-spa-in-white-plains-introduces-gentlemans-beard-oil.html]
[gentlemansbarberspa.com/new-blog/tag/westchester+magazine.html]
[gentlemansbarberspa.com/new-blog/tag/Best-of-Westchester.html]
[assets.squarespace.com/universal/scripts-compressed/extract-css-runtime-6a451e0dd8c4cef635c8a-min.en-US.js]
[images.squarespace-cdn.com/content/563a6d43e4b0979282764ff7/1480434864332-DU040YE7PH88ONABK92K/couple-massageBW-300x263ee8a.jpg]
[images.squarespace-cdn.com/content/v1/563a6d43e4b0979282764ff7/1480434864332-DU040YE7PH88ONABK92K/couple-massageBW-300x263.jpg]
[gentlemansbarberspa.com/new-blog/2016/11/29/westchesters-best-spa-deal-30-off-any-spa-service-in-december-at-gentlemans-barber-spa.html]
[gentlemansbarberspa.com/new-blog/2016/9/8/brand-new-barbering-services-at-gentlemans-barber-spa-in-westchester-ny.html]
[gentlemansbarberspa.com/new-blog/2016/8/22/gentlemans-barber-spa-where-nyc-athletes-get-their-haircuts.html]
[gentlemansbarberspa.com/new-blog/category/Shop+News.html]
[gentlemansbarberspa.com/new-blog/tag/haircuts-Westchester.html]
[gentlemansbarberspa.com/new-blog/2016/7/28/gentlemans-barber-spa-at-best-of-westchester-2016-party.html]
[gentlemansbarberspa.com/new-blog/category/Events.html]
[gentlemansbarberspa.com/new-blog/2016/4/14/introducing-the-gentlemans-barber-spa-line-of-mens-grooming-products.html]
[gentlemansbarberspa.com/new-blog/2016/3/18/uig0cbt1aqnp6xt78n03xuzw4kzbfe.html]
[assets.squarespace.com/universal/scripts-compressed/slides-68410d07cc381621c7167-min.en-US.js]
[gentlemansbarberspa.com/new-blog/category/Press.html]
[gentlemansbarberspa.com/new-blog/2016/3/12/5ux6thtvw1e3nwwrxj073tn84hrwlk.html]
[gentlemansbarberspa.com/new-blog/tag/IBS+New+York.html]
[gentlemansbarberspa.com/new-blog/2016/3/2/gentlemans-barber-spa-attending-international-beauty-show-at-javits-center.html]
[gentlemansbarberspa.com/new-blog/tag/javits+center.html]
[gentlemansbarberspa.com/new-blog/2016/2/16/gentlemans-barber-spa-to-take-part-in-westchester-magazines-unveiled.html]
[images.squarespace-cdn.com/content/v1/563a6d43e4b0979282764ff7/1455136422330-39ZPKYEPSDDORN0L00NN/GENT_RoyalBlog1.jpg]
[images.squarespace-cdn.com/content/v1/563a6d43e4b0979282764ff7/1455138659025-GNSRUXELQ3NLYCRGYPMG/image-asset.png]
[images.squarespace-cdn.com/content/v1/563a6d43e4b0979282764ff7/1455138715212-28K4T1SBWK2M4MBGCUG5/image-asset.png]
[images.squarespace-cdn.com/content/v1/563a6d43e4b0979282764ff7/1455138510255-0F1KXSHH94VSFVGALQBO/image-asset.jpg]
[gentlemansbarberspa.com/new-blog/2016/2/10/a-relaxing-shave-is-the-perfect-valentines-day-gift-in-westchester-ny.html]
[gentlemansbarberspa.com/new-blog/tag/Valentine's+Day+For+Him.html]
[gentlemansbarberspa.com/new-blog/tag/Valentine's+Day+Westchester+NY.html]
[gentlemansbarberspa.com/new-blog/2016/2/3/at-the-barbershop-recent-mens-haircuts-in-downtown-white-plains.html]
[gentlemansbarberspa.com/welcome-home.html]
[gentlemansbarberspa.com/new-blog/2016/1/28/gentlemans-barber-spa-creator-with-former-knicks-great-john-starks.html]
[images.squarespace-cdn.com/content/v1/563a6d43e4b0979282764ff7/1453753975497-TGM4QT2SXZ9QXGRFH9SF/image-asset.jpg]
[images.squarespace-cdn.com/content/v1/563a6d43e4b0979282764ff7/1453754115101-J4FHTURCG8BOI3MUEQNI/image-asset.jpg]
[images.squarespace-cdn.com/content/v1/563a6d43e4b0979282764ff7/1453754140148-XD4NEYU5YISMK55XMXSX/image-asset.jpg]
[gentlemansbarberspa.com/new-blog/2016/1/25/gentlemans-barber-spa-at-the-javits-center-performing-the-truefitt-hill-royal-shave.html]
[static1.squarespace.com/static/563a6d43e4b0979282764ff7/56a669c84bf11812cc1ff45a/56ec68cc4c2f85392f821c3a/1458334746352/Taper-Back-with-Classic-Side-Part.cb26f]
[static1.squarespace.com/static/563a6d43e4b0979282764ff7/t/56c35129f85082fc106ef7f4/1455640908933/12650838_10154485479567538_5397364559261688889_n.cc26f7.delaye]
